
> worksite-tracker@0.1.0 build
> next build

Ôû▓ Next.js 16.1.6 (Turbopack)
- Environments: .env

node.exe : ÔÜá The 
"middleware" file 
convention is 
deprecated. Please use 
"proxy" instead. Learn 
more: https://nextjs.org/
docs/messages/middleware-
to-proxy
Au caractère Ligne:1 : 1
+ & "C:\Program 
Files\nodejs/node.exe" 
"C:\Program 
Files\nodejs/node_mo ...
+ ~~~~~~~~~~~~~~~~~~~~~~~
~~~~~~~~~~~~~~~~~~~~~~~~~
~~~~~~~~~~~~~~~~~~~~~
    + CategoryInfo       
       : NotSpecified:   
  (ÔÜá The "middle...l   
 eware-to-proxy:Strin    
g) [], RemoteExcepti    
on
    + FullyQualifiedErro 
   rId : NativeCommandE  
  rror
 
  Creating an optimized production build ...
Error: "./base" is not 
exported under the 
condition "style" from 
package C:\Users\Imam\.ge
mini\antigravity\scratch\
worksite-tracker\node_mod
ules\tailwindcss (see 
exports field in C:\Users
\Imam\.gemini\antigravity
\scratch\worksite-tracker
\node_modules\tailwindcss
\package.json)
    [2m[at C:\Users\Imam
\.gemini\antigravity\scra
tch\worksite-tracker\node
_modules\enhanced-resolve
\lib\ExportsFieldPlugin.j
s:123:7][0m
    [2m[at Hook.eval 
[as callAsync] (eval at 
create (C:\Users\Imam\.ge
mini\antigravity\scratch\
worksite-tracker\node_mod
ules\tapable\lib\HookCode
Factory.js:31:10), 
<anonymous>:22:1)][0m
    [2m[at 
Hook.CALL_ASYNC_DELEGATE 
[as _callAsync] (C:\Users
\Imam\.gemini\antigravity
\scratch\worksite-tracker
\node_modules\tapable\lib
\Hook.js:21:14)][0m
    [2m[at 
Resolver.doResolve (C:\Us
ers\Imam\.gemini\antigrav
ity\scratch\worksite-trac
ker\node_modules\enhanced
-resolve\lib\Resolver.js:
736:16)][0m
    [2m[at C:\Users\Imam
\.gemini\antigravity\scra
tch\worksite-tracker\node
_modules\enhanced-resolve
\lib\DescriptionFilePlugi
n.js:80:17][0m
    [2m[at C:\Users\Imam
\.gemini\antigravity\scra
tch\worksite-tracker\node
_modules\enhanced-resolve
\lib\DescriptionFileUtils
.js:161:24][0m
    [2m[at C:\Users\Imam
\.gemini\antigravity\scra
tch\worksite-tracker\node
_modules\enhanced-resolve
\lib\forEachBail.js:39:13
][0m
    [2m[at onJson (C:\Us
ers\Imam\.gemini\antigrav
ity\scratch\worksite-trac
ker\node_modules\enhanced
-resolve\lib\DescriptionF
ileUtils.js:96:6)][0m
    [2m[at C:\Users\Imam
\.gemini\antigravity\scra
tch\worksite-tracker\node
_modules\enhanced-resolve
\lib\DescriptionFileUtils
.js:123:7][0m
    [2m[at SyncAsyncFile
SystemDecorator.readJson 
(C:\Users\Imam\.gemini\an
tigravity\scratch\worksit
e-tracker\node_modules\en
hanced-resolve\lib\SyncAs
yncFileSystemDecorator.js
:204:6)][0m

> Build error occurred
Error: Turbopack build 
failed with 1 errors:
./src/app/globals.css
Error evaluating Node.js 
code
CssSyntaxError: 
tailwindcss: C:\Users\Ima
m\.gemini\antigravity\scr
atch\worksite-tracker\src
\app\globals.css:1:1: 
"./base" is not exported 
under the condition 
"style" from package C:\U
sers\Imam\.gemini\antigra
vity\scratch\worksite-tra
cker\node_modules\tailwin
dcss (see exports field 
in C:\Users\Imam\.gemini\
antigravity\scratch\works
ite-tracker\node_modules\
tailwindcss\package.json)
    at Input.error (node_
modules/postcss/lib/input
.js:135:16) [C:\Users\Ima
m\.gemini\antigravity\scr
atch\worksite-tracker\.ne
xt\build\chunks\node_modu
les_fe693df6._.js:4651:22
]
    at Root.error (node_m
odules/postcss/lib/node.j
s:146:32) [C:\Users\Imam\
.gemini\antigravity\scrat
ch\worksite-tracker\.next
\build\chunks\node_module
s_fe693df6._.js:928:38]
    [at Object.Once (C:\U
sers\Imam\.gemini\antigra
vity\scratch\worksite-tra
cker\node_modules\@tailwi
ndcss\postcss\dist\index.
js:10:6913)]
    [at process.processTi
cksAndRejections (node:in
ternal/process/task_queue
s:104:5)]
    at async 
LazyResult.runAsync (node
_modules/postcss/lib/lazy
-result.js:293:11) [C:\Us
ers\Imam\.gemini\antigrav
ity\scratch\worksite-trac
ker\.next\build\chunks\no
de_modules_fe693df6._.js:
6214:21]
    at async transform (t
urbopack:///[turbopack-no
de]/transforms/postcss.ts
:70:34) [C:\Users\Imam\.g
emini\antigravity\scratch
\worksite-tracker\.next\b
uild\chunks\[root-of-the-
server]__51225daf._.js:14
6:36]
    at async run (turbopa
ck:///[turbopack-node]/ip
c/evaluate.ts:92:23) [C:\
Users\Imam\.gemini\antigr
avity\scratch\worksite-tr
acker\.next\build\chunks\
[root-of-the-server]__974
941ed._.js:443:31]

Import trace:
  Client Component 
Browser:
    
./src/app/globals.css 
[Client Component 
Browser]
    ./src/app/layout.tsx 
[Server Component]


    at async transform (t
urbopack:///[turbopack-no
de]/transforms/postcss.ts
:70:34) [C:\Users\Imam\.g
emini\antigravity\scratch
\worksite-tracker\.next\b
uild\chunks\[root-of-the-
server]__51225daf._.js:14
6:36])
    at async run (turbopa
ck:///[turbopack-node]/ip
c/evaluate.ts:92:23) [C:\
Users\Imam\.gemini\antigr
avity\scratch\worksite-tr
acker\.next\build\chunks\
[root-of-the-server]__974
941ed._.js:443:31])
