src/app/api/project/[id]/technique/upload/route.ts(44,17): error TS2322: Type '{ category: "materiel" | "plans" | "calculs"; documentId: string; description: string; docType: string; docNumber: string | null; lot: string | null; submittedDate: Date | null; ... 5 more ...; uploadId: string; }[]' is not assignable to type 'EtudeDocumentCreateManyInput | EtudeDocumentCreateManyInput[]'.
  Type '{ category: "materiel" | "plans" | "calculs"; documentId: string; description: string; docType: string; docNumber: string | null; lot: string | null; submittedDate: Date | null; ... 5 more ...; uploadId: string; }[]' is not assignable to type 'EtudeDocumentCreateManyInput[]'.
    Type '{ category: "materiel" | "plans" | "calculs"; documentId: string; description: string; docType: string; docNumber: string | null; lot: string | null; submittedDate: Date | null; ... 5 more ...; uploadId: string; }' is missing the following properties from type 'EtudeDocumentCreateManyInput': reference, title
src/components/AdminWeeklyGraph.tsx(160,29): error TS2322: Type '(value: string | number | undefined) => [string, undefined]' is not assignable to type 'Formatter<ValueType, NameType> & ((value: ValueType, name: NameType, item: TooltipPayloadEntry, index: number, payload: TooltipPayload) => ReactNode | [...])'.
  Type '(value: string | number | undefined) => [string, undefined]' is not assignable to type 'Formatter<ValueType, NameType>'.
    Types of parameters 'value' and 'value' are incompatible.
      Type 'ValueType | undefined' is not assignable to type 'string | number | undefined'.
        Type 'readonly (string | number)[]' is not assignable to type 'string | number | undefined'.
src/components/GlobalCategoryAnalytics.tsx(137,29): error TS2322: Type '(value: any, name: string | undefined) => [string, string]' is not assignable to type 'Formatter<ValueType, NameType> & ((value: ValueType, name: NameType, item: TooltipPayloadEntry, index: number, payload: TooltipPayload) => ReactNode | [...])'.
  Type '(value: any, name: string | undefined) => [string, string]' is not assignable to type 'Formatter<ValueType, NameType>'.
    Types of parameters 'name' and 'name' are incompatible.
      Type 'NameType | undefined' is not assignable to type 'string | undefined'.
        Type 'number' is not assignable to type 'string'.
src/components/ProjectAnalyticsCharts.tsx(324,33): error TS2322: Type '(value: any, name: string | undefined) => [any, string]' is not assignable to type 'Formatter<ValueType, NameType> & ((value: ValueType, name: NameType, item: TooltipPayloadEntry, index: number, payload: TooltipPayload) => ReactNode | [...])'.
  Type '(value: any, name: string | undefined) => [any, string]' is not assignable to type 'Formatter<ValueType, NameType>'.
    Types of parameters 'name' and 'name' are incompatible.
      Type 'NameType | undefined' is not assignable to type 'string | undefined'.
        Type 'number' is not assignable to type 'string'.
