.next/dev/types/validator.ts(180,31): error TS2344: Type 'typeof import("C:/Users/Imam/.gemini/antigravity/scratch/worksite-tracker/src/app/api/project/[id]/route")' does not satisfy the constraint 'RouteHandlerConfig<"/api/project/[id]">'.
  Types of property 'DELETE' are incompatible.
    Type '(req: Request, { params }: { params: { id: string; }; }) => Promise<NextResponse<{ success: boolean; }> | NextResponse<{ error: any; }>>' is not assignable to type '(request: NextRequest, context: { params: Promise<{ id: string; }>; }) => void | Response | Promise<void | Response>'.
      Types of parameters '__1' and 'context' are incompatible.
        Type '{ params: Promise<{ id: string; }>; }' is not assignable to type '{ params: { id: string; }; }'.
          Types of property 'params' are incompatible.
            Property 'id' is missing in type 'Promise<{ id: string; }>' but required in type '{ id: string; }'.
.next/types/validator.ts(180,31): error TS2344: Type 'typeof import("C:/Users/Imam/.gemini/antigravity/scratch/worksite-tracker/src/app/api/project/[id]/route")' does not satisfy the constraint 'RouteHandlerConfig<"/api/project/[id]">'.
  Types of property 'DELETE' are incompatible.
    Type '(req: Request, { params }: { params: { id: string; }; }) => Promise<NextResponse<{ success: boolean; }> | NextResponse<{ error: any; }>>' is not assignable to type '(request: NextRequest, context: { params: Promise<{ id: string; }>; }) => void | Response | Promise<void | Response>'.
      Types of parameters '__1' and 'context' are incompatible.
        Type '{ params: Promise<{ id: string; }>; }' is not assignable to type '{ params: { id: string; }; }'.
          Types of property 'params' are incompatible.
            Property 'id' is missing in type 'Promise<{ id: string; }>' but required in type '{ id: string; }'.
src/lib/LanguageContext.tsx(53,5): error TS1117: An object literal cannot have multiple properties with the same name.
src/lib/LanguageContext.tsx(110,5): error TS1117: An object literal cannot have multiple properties with the same name.
src/lib/LanguageContext.tsx(167,5): error TS1117: An object literal cannot have multiple properties with the same name.
